--------- beginning of system
D/SSRM:n  (  988): SIOP:: AP = 420, PST = 416 (W:20), CUR = 69
--------- beginning of main
D/STATUSBAR-WifiQuickSettingButton( 1185): onWifiSignalChanged enabled=true enabledDesc:"Freire_Santana"
D/StatusBar.MSimNetworkController( 1185): refreshViews connected={ wifi } phoneId = 0 level=4 mMSimcombinedSignalIconId=0x7f0202f8/com.android.systemui:drawable/stat_sys_wifi_signal_4 mMSimcombinedActivityIconId=0x7f0202c6 mAirplaneMode=false mMSimDataActivity=0 mMSimPhoneSignalIconId=0x7f0202b6/com.android.systemui:drawable/stat_sys_signal_4_auto_rotate mMSimDataDirectionIconId=0x0 mMSimDataSignalIconId=0x7f0202b6 mMSimDataTypeIconId=0x0/(null) mNoMSimIconId=0x0/(null) mMSimMobileActivityIconId=0x0/(null) mWifiIconId=0x7f0202f8 mBluetoothTetherIconId=0x7f0202d5 mRoamingIconId=0x 0/(null) mSimEnabled=true
D/StatusBar.MSimNetworkController( 1185): refreshSignalCluster : called
D/STATUSBAR-WifiQuickSettingButton( 1185): onWifiSignalChanged enabled=true enabledDesc:"Freire_Santana"
D/StatusBar.MSimNetworkController( 1185): refreshViews connected={ wifi } phoneId = 0 level=4 mMSimcombinedSignalIconId=0x7f0202f8/com.android.systemui:drawable/stat_sys_wifi_signal_4 mMSimcombinedActivityIconId=0x7f0202cb mAirplaneMode=false mMSimDataActivity=0 mMSimPhoneSignalIconId=0x7f0202b6/com.android.systemui:drawable/stat_sys_signal_4_auto_rotate mMSimDataDirectionIconId=0x0 mMSimDataSignalIconId=0x7f0202b6 mMSimDataTypeIconId=0x0/(null) mNoMSimIconId=0x0/(null) mMSimMobileActivityIconId=0x0/(null) mWifiIconId=0x7f0202f8 mBluetoothTetherIconId=0x7f0202d5 mRoamingIconId=0x 0/(null) mSimEnabled=true
D/StatusBar.MSimNetworkController( 1185): refreshSignalCluster : called
D/StatusBar.MSimNetworkController( 1185): getNumberOfActiveSim: 1
D/StatusBar.MSimNetworkController( 1185): getPhoneSignalIconList: mMaxLevelOfSignalStrengthIndicator = 4 inetCondition = 0
D/StatusBar.MSimNetworkController( 1185): updateTelephonySignalStrength: iconLevel=4
D/StatusBar.MSimNetworkController( 1185): updateTelephonySignalStrength: phoneId =0
D/StatusBar.MSimNetworkController( 1185): updateTelephonySignalStrength iconLevel = 4 mInetCondition = 0
D/STATUSBAR-WifiQuickSettingButton( 1185): onWifiSignalChanged enabled=true enabledDesc:"Freire_Santana"
D/StatusBar.MSimNetworkController( 1185): refreshViews connected={ wifi } phoneId = 0 level=4 mMSimcombinedSignalIconId=0x7f0202f8/com.android.systemui:drawable/stat_sys_wifi_signal_4 mMSimcombinedActivityIconId=0x7f0202cb mAirplaneMode=false mMSimDataActivity=0 mMSimPhoneSignalIconId=0x7f0202b6/com.android.systemui:drawable/stat_sys_signal_4_auto_rotate mMSimDataDirectionIconId=0x0 mMSimDataSignalIconId=0x7f0202b6 mMSimDataTypeIconId=0x0/(null) mNoMSimIconId=0x0/(null) mMSimMobileActivityIconId=0x0/(null) mWifiIconId=0x7f0202f8 mBluetoothTetherIconId=0x7f0202d5 mRoamingIconId=0x 0/(null) mSimEnabled=true
D/KeyguardUpdateMonitor( 1185): received broadcast android.intent.action.BATTERY_CHANGED
D/KeyguardUpdateMonitor( 1185): handleBatteryUpdate
D/BatteryService(  988): !@BatteryListener : batteryPropertiesChanged!
D/BatteryService(  988): level:100, scale:100, status:5, health:2, present:true, voltage: 4355, temperature: 348, technology: Li-ion, AC powered:false, USB powered:true, POGO powered:false, Wireless powered:false, icon:17303206, invalid charger:0
D/BatteryService(  988): online:4, current avg:148, charge type:0, power sharing:false, high voltage charger:false, capacity:280000, current_now:137
D/BatteryService(  988): Sending ACTION_BATTERY_CHANGED.
D/CommonServiceConfiguration( 1573): getStringValueSetting
D/BatteryMonitor( 1573): new battery level: 100
D/QSTile.TorchLightTile( 1185): ACTION_BATTERY_CHANGED - Level :: 100, Status :: 5
D/BatteryMeterView( 1185): ACTION_BATTERY_CHANGED : level:100 status:5 health:2
D/BatteryMeterView( 1185): ACTION_BATTERY_CHANGED : level:100 status:5 health:2
D/BatteryMeterView( 1185): ACTION_BATTERY_CHANGED : level:100 status:5 health:2
E/Watchdog(  988): !@Sync 6224 [05-22 17:19:59.378]
D/KeyguardUpdateMonitor( 1185): received broadcast android.intent.action.TIME_TICK
D/KeyguardUpdateMonitor( 1185): handleTimeUpdate
D/SecKeyguardClockView( 1185): isNetworkRoaming=false, isHomeTimeZoneExist=true
D/SecKeyguardClockView( 1185): onTimeChanged() : mShouldShowDualClock - false, isDualClockSet() -false
D/SecKeyguardClockView( 1185): setAutoHomeTimezone() - autoHomeTimeZoneId: America/Noronha
D/SecKeyguardClockView( 1185): isNetworkRoaming=false, isHomeTimeZoneExist=true
D/SecKeyguardClockView( 1185): mTimeZone:null,   hour:5,   isShortMaxWidth:true
D/DateView( 1185): regionalDateFormat = 22/11/3333 isRTLlanguage = false returnDateFormat = E, d 'de' MMMM
D/DateView( 1185): regionalDateFormat = 22/11/3333 isRTLlanguage = false returnDateFormat = E, d 'de' MMMM
D/DateView( 1185): regionalDateFormat = 22/11/3333 isRTLlanguage = false returnDateFormat = E, d 'de' MMMM
D/KeyguardEffectViewController( 1185): onReceive action : android.intent.action.TIME_TICK
I/KeyguardEffectViewController( 1185): *** don't update sliding image ***
D/SSRM:n  (  988): SIOP:: AP = 410, PST = 417 (W:20), CUR = 148
D/StatusBar.MSimNetworkController( 1185): getNumberOfActiveSim: 1
D/StatusBar.MSimNetworkController( 1185): getPhoneSignalIconList: mMaxLevelOfSignalStrengthIndicator = 4 inetCondition = 0
D/StatusBar.MSimNetworkController( 1185): updateTelephonySignalStrength: iconLevel=4
D/STATUSBAR-WifiQuickSettingButton( 1185): onWifiSignalChanged enabled=true enabledDesc:"Freire_Santana"
D/StatusBar.MSimNetworkController( 1185): updateTelephonySignalStrength: phoneId =0
D/StatusBar.MSimNetworkController( 1185): updateTelephonySignalStrength iconLevel = 4 mInetCondition = 0
D/StatusBar.MSimNetworkController( 1185): refreshViews connected={ wifi } phoneId = 0 level=4 mMSimcombinedSignalIconId=0x7f0202f8/com.android.systemui:drawable/stat_sys_wifi_signal_4 mMSimcombinedActivityIconId=0x7f0202cb mAirplaneMode=false mMSimDataActivity=0 mMSimPhoneSignalIconId=0x7f0202b6/com.android.systemui:drawable/stat_sys_signal_4_auto_rotate mMSimDataDirectionIconId=0x0 mMSimDataSignalIconId=0x7f0202b6 mMSimDataTypeIconId=0x0/(null) mNoMSimIconId=0x0/(null) mMSimMobileActivityIconId=0x0/(null) mWifiIconId=0x7f0202f8 mBluetoothTetherIconId=0x7f0202d5 mRoamingIconId=0x 0/(null) mSimEnabled=true
W/AppIncrementalLogger(15512): logEvent(): Failed to log 127 bytes after 300951 ms
I/UpdateIcingCorporaServi(15512): Updating corpora: APPS=com.example.santana.speechtotext, CONTACTS=MAYBE
W/ResourcesManager(15512): getTopLevelResources: com.google.android.googlequicksearchbox for user  0
W/ResourcesManager(15512): getTopLevelResources: com.google.android.googlequicksearchbox for user  0
D/ActivityManager(  988): retrieveServiceLocked(): component = null; callingUser = 0; userId(target) = 0
D/ActivityManager(  988): startService callerProcessName:com.google.android.gms, calleePkgName: com.google.android.gms
D/ActivityManager(  988): retrieveServiceLocked(): component = com.google.android.gms/com.google.android.gms.icing.service.IndexWorkerService; callingUser = 0; userId(target) = 0
D/ActivityManager(  988): caller:android.app.ApplicationThreadProxy@6d6fa36, r.packageName :com.google.android.gms
D/PackageManager(  988): setEnabledSetting : userId = 0 packageName = com.google.android.gms cmp = com.google.android.gms.icing.proxy.SmsMonitor newState = 1 callingPackage = 10008
D/ActivityManager(  988): startService callerProcessName:com.google.android.gms, calleePkgName: com.google.android.gms
D/ActivityManager(  988): retrieveServiceLocked(): component = com.google.android.gms/com.google.android.gms.icing.proxy.UpdateIcingCorporaService; callingUser = 0; userId(target) = 0
D/ActivityManager(  988): caller:android.app.ApplicationThreadProxy@36b932a4, r.packageName :com.google.android.gms
D/ActivityManager(  988): retrieveServiceLocked(): component = null; callingUser = 0; userId(target) = 0
D/ActivityManager(  988): startService callerProcessName:com.google.android.gms, calleePkgName: com.google.android.gms
D/ActivityManager(  988): retrieveServiceLocked(): component = com.google.android.gms/com.google.android.gms.icing.service.LightweightIndexService$LightweightWorkerService; callingUser = 0; userId(target) = 0
D/ActivityManager(  988): caller:android.app.ApplicationThreadProxy@132dc809, r.packageName :com.google.android.gms
W/IcingInternalCorpora(30557): getNumBytesRead when not calculated.
I/UpdateIcingCorporaServi(15512): UpdateCorporaTask done [took 208 ms] updated apps [took 208 ms] 
W/AlarmManager(  988): Canceled alarm list has 1 of 2 entrie(s)
D/ActivityManager(  988): startService callerProcessName:com.sec.spp.push, calleePkgName: com.sec.spp.push
D/ActivityManager(  988): retrieveServiceLocked(): component = com.sec.spp.push/com.sec.spp.push.PushClientService; callingUser = 0; userId(target) = 0
D/ActivityManager(  988): caller:android.app.ApplicationThreadProxy@1ae323c, r.packageName :com.sec.spp.push
E/SPPClientService( 4295): [[PushClientService]] F:false, D:false, E:false, T:false, S:true, R:false
D/ActivityManager(  988): startService callerProcessName:com.sec.spp.push, calleePkgName: com.sec.spp.push
D/ActivityManager(  988): retrieveServiceLocked(): component = com.sec.spp.push/com.sec.spp.push.log.collector.PushClientLogCollectService; callingUser = 0; userId(target) = 0
D/ActivityManager(  988): caller:android.app.ApplicationThreadProxy@20e1dbc5, r.packageName :com.sec.spp.push
E/SPPClientService( 4295): [a] [ConnectionManager] Connection is already disconnected.
D/STATUSBAR-WifiQuickSettingButton( 1185): onWifiSignalChanged enabled=true enabledDesc:"Freire_Santana"
D/StatusBar.MSimNetworkController( 1185): refreshViews connected={ wifi } phoneId = 0 level=4 mMSimcombinedSignalIconId=0x7f0202f8/com.android.systemui:drawable/stat_sys_wifi_signal_4 mMSimcombinedActivityIconId=0x7f0202c8 mAirplaneMode=false mMSimDataActivity=0 mMSimPhoneSignalIconId=0x7f0202b6/com.android.systemui:drawable/stat_sys_signal_4_auto_rotate mMSimDataDirectionIconId=0x0 mMSimDataSignalIconId=0x7f0202b6 mMSimDataTypeIconId=0x0/(null) mNoMSimIconId=0x0/(null) mMSimMobileActivityIconId=0x0/(null) mWifiIconId=0x7f0202f8 mBluetoothTetherIconId=0x7f0202d5 mRoamingIconId=0x 0/(null) mSimEnabled=true
D/StatusBar.MSimNetworkController( 1185): refreshSignalCluster : called
I/Icing   (30557): Indexing 78E38C928AEB98F8B6C2FE39C822144CD0A33A24 from com.google.android.googlequicksearchbox
I/Icing   (30557): Indexing done 78E38C928AEB98F8B6C2FE39C822144CD0A33A24
D/ActivityManager(  988): retrieveServiceLocked(): component = com.google.android.gms/com.google.android.gms.icing.service.IndexWorkerService; callingUser = 0; userId(target) = 0
E/SPPClientService( 4295): [b] __InitReply__
E/SPPClientService( 4295): [a] onConnected Time : 633242665
D/ActivityManager(  988): startService callerProcessName:com.sec.spp.push, calleePkgName: com.sec.spp.push
D/ActivityManager(  988): retrieveServiceLocked(): component = com.sec.spp.push/com.sec.spp.push.log.collector.PushClientLogCollectService; callingUser = 0; userId(target) = 0
D/ActivityManager(  988): caller:android.app.ApplicationThreadProxy@1e096f41, r.packageName :com.sec.spp.push
I/InputReader(  988): Touch event's action is 0x0 (deviceType=0) [pCnt=1, s=0.51619 ] when=186797359549000
I/InputDispatcher(  988): Delivering touch to (1185): action: 0x4, toolType: 1
I/InputDispatcher(  988): Delivering touch to (31615): action: 0x0, toolType: 1
I/InputDispatcher(  988): Delivering touch to (1394): action: 0x0, toolType: 1
D/ViewRootImpl(31615): ViewPostImeInputStage ACTION_DOWN
I/InputReader(  988): Touch event's action is 0x1 (deviceType=0) [pCnt=1, s=] when=186797409374000
I/InputDispatcher(  988): Delivering touch to (31615): action: 0x1, toolType: 1
I/InputDispatcher(  988): Delivering touch to (1394): action: 0x1, toolType: 1
I/DeviceStateChecker(15512): DeviceStateChecker cancelled
I/MicroDetector(15512): Keeping mic open: false
I/MicrophoneInputStream(15512): mic_close com.google.android.apps.gsa.speech.audio.ah@1b0f92f9
I/AudioPolicyManager(  275): stopInput() input 30615
D/AudioFlinger(  275): releaseAudioSessionId
D/AudioFlinger(  275): releasing 30614 from 15512 for -1
D/AudioFlinger(  275): purging stale effects ++
D/AudioFlinger(  275): purging stale effects --
I/MicroRecognitionRunner(15512): Stopping hotword detection.
I/MicroRecognitionRunner(15512): Detection finished
D/audio_route(  275): ++++ audio_route_update_mixer ==============
D/audio_route(  275): Setting mixer control: MultiMedia1 Mixer TERT_MI2S_TX, value: 0
D/audio_route(  275): ------ audio_route_update_mixer ==============
D/hardware_info(  275): hw_info_append_hw_type : device_name = vr-main-mic
D/audio_route(  275): ++++ audio_route_update_path ==============
D/audio_route(  275): Setting mixer control: ADC1 Volume, value: 13
D/audio_route(  275): Setting mixer control: DEC1 Volume, value: 84
D/audio_route(  275): Setting mixer control: DEC1 MUX, value: 0
D/audio_route(  275): ---- audio_route_update_path ==============
D/STATUSBAR-WifiQuickSettingButton( 1185): onWifiSignalChanged enabled=true enabledDesc:"Freire_Santana"
D/StatusBar.MSimNetworkController( 1185): refreshViews connected={ wifi } phoneId = 0 level=4 mMSimcombinedSignalIconId=0x7f0202f8/com.android.systemui:drawable/stat_sys_wifi_signal_4 mMSimcombinedActivityIconId=0x7f0202cb mAirplaneMode=false mMSimDataActivity=0 mMSimPhoneSignalIconId=0x7f0202b6/com.android.systemui:drawable/stat_sys_signal_4_auto_rotate mMSimDataDirectionIconId=0x0 mMSimDataSignalIconId=0x7f0202b6 mMSimDataTypeIconId=0x0/(null) mNoMSimIconId=0x0/(null) mMSimMobileActivityIconId=0x0/(null) mWifiIconId=0x7f0202f8 mBluetoothTetherIconId=0x7f0202d5 mRoamingIconId=0x 0/(null) mSimEnabled=true
D/StatusBar.MSimNetworkController( 1185): refreshSignalCluster : called
D/BatteryService(  988): !@BatteryListener : batteryPropertiesChanged!
D/BatteryService(  988): level:100, scale:100, status:5, health:2, present:true, voltage: 4355, temperature: 348, technology: Li-ion, AC powered:false, USB powered:true, POGO powered:false, Wireless powered:false, icon:17303206, invalid charger:0
D/BatteryService(  988): online:4, current avg:146, charge type:0, power sharing:false, high voltage charger:false, capacity:280000, current_now:146
D/BatteryService(  988): Sending ACTION_BATTERY_CHANGED.
D/KeyguardUpdateMonitor( 1185): received broadcast android.intent.action.BATTERY_CHANGED
D/KeyguardUpdateMonitor( 1185): handleBatteryUpdate
D/BatteryMeterView( 1185): ACTION_BATTERY_CHANGED : level:100 status:5 health:2
D/CommonServiceConfiguration( 1573): getStringValueSetting
D/BatteryMeterView( 1185): ACTION_BATTERY_CHANGED : level:100 status:5 health:2
D/BatteryMeterView( 1185): ACTION_BATTERY_CHANGED : level:100 status:5 health:2
D/BatteryMonitor( 1573): new battery level: 100
D/QSTile.TorchLightTile( 1185): ACTION_BATTERY_CHANGED - Level :: 100, Status :: 5
D/StatusBar.MSimNetworkController( 1185): updateTelephonySignalStrength: phoneId =0
D/StatusBar.MSimNetworkController( 1185): getNumberOfActiveSim: 1
D/StatusBar.MSimNetworkController( 1185): getPhoneSignalIconList: mMaxLevelOfSignalStrengthIndicator = 4 inetCondition = 0
D/StatusBar.MSimNetworkController( 1185): updateTelephonySignalStrength iconLevel = 4 mInetCondition = 0
D/StatusBar.MSimNetworkController( 1185): updateTelephonySignalStrength: iconLevel=4
D/StatusBar.MSimNetworkController( 1185): refreshViews connected={ wifi } phoneId = 0 level=4 mMSimcombinedSignalIconId=0x7f0202f8/com.android.systemui:drawable/stat_sys_wifi_signal_4 mMSimcombinedActivityIconId=0x7f0202cb mAirplaneMode=false mMSimDataActivity=0 mMSimPhoneSignalIconId=0x7f0202b6/com.android.systemui:drawable/stat_sys_signal_4_auto_rotate mMSimDataDirectionIconId=0x0 mMSimDataSignalIconId=0x7f0202b6 mMSimDataTypeIconId=0x0/(null) mNoMSimIconId=0x0/(null) mMSimMobileActivityIconId=0x0/(null) mWifiIconId=0x7f0202f8 mBluetoothTetherIconId=0x7f0202d5 mRoamingIconId=0x 0/(null) mSimEnabled=true
D/STATUSBAR-WifiQuickSettingButton( 1185): onWifiSignalChanged enabled=true enabledDesc:"Freire_Santana"
D/SSRM:n  (  988): SIOP:: AP = 410, PST = 416 (W:20), CUR = 146
D/StatusBar.MSimNetworkController( 1185): updateTelephonySignalStrength: phoneId =0
D/StatusBar.MSimNetworkController( 1185): getNumberOfActiveSim: 1
D/StatusBar.MSimNetworkController( 1185): getPhoneSignalIconList: mMaxLevelOfSignalStrengthIndicator = 4 inetCondition = 0
D/StatusBar.MSimNetworkController( 1185): updateTelephonySignalStrength iconLevel = 4 mInetCondition = 0
D/StatusBar.MSimNetworkController( 1185): updateTelephonySignalStrength: iconLevel=4
D/StatusBar.MSimNetworkController( 1185): refreshViews connected={ wifi } phoneId = 0 level=4 mMSimcombinedSignalIconId=0x7f0202f8/com.android.systemui:drawable/stat_sys_wifi_signal_4 mMSimcombinedActivityIconId=0x7f0202cb mAirplaneMode=false mMSimDataActivity=0 mMSimPhoneSignalIconId=0x7f0202b6/com.android.systemui:drawable/stat_sys_signal_4_auto_rotate mMSimDataDirectionIconId=0x0 mMSimDataSignalIconId=0x7f0202b6 mMSimDataTypeIconId=0x0/(null) mNoMSimIconId=0x0/(null) mMSimMobileActivityIconId=0x0/(null) mWifiIconId=0x7f0202f8 mBluetoothTetherIconId=0x7f0202d5 mRoamingIconId=0x 0/(null) mSimEnabled=true
D/STATUSBAR-WifiQuickSettingButton( 1185): onWifiSignalChanged enabled=true enabledDesc:"Freire_Santana"
I/InputReader(  988): Touch event's action is 0x0 (deviceType=0) [pCnt=1, s=0.51620 ] when=186801215942000
I/InputDispatcher(  988): Delivering touch to (1185): action: 0x4, toolType: 1
I/InputDispatcher(  988): Delivering touch to (31615): action: 0x0, toolType: 1
I/InputDispatcher(  988): Delivering touch to (1394): action: 0x0, toolType: 1
D/ViewRootImpl(31615): ViewPostImeInputStage ACTION_DOWN
I/InputReader(  988): Touch event's action is 0x1 (deviceType=0) [pCnt=1, s=] when=186801278333000
I/InputDispatcher(  988): Delivering touch to (31615): action: 0x1, toolType: 1
I/InputDispatcher(  988): Delivering touch to (1394): action: 0x1, toolType: 1
I/Timeline(31615): Timeline: Activity_launch_request id:com.example.santana.speechtotext time:186801279
E/PersonaManagerService(  988): inState():  stateMachine is null !!
I/PersonaManagerService(  988): Failed to execute isKioskModeEnabled. java.lang.SecurityException: You need MANAGE_USERS permission to: query user
I/ActivityManager(  988): do not start freezing screen for locked container getKeyguardshowstate = false
I/ActivityManager(  988): START u0 {act=android.intent.action.MAIN cat=[android.intent.category.LAUNCHER] flg=0x10200000 cmp=com.example.santana.speechtotext/.VoiceRecognitionActivity (has extras)} from uid 10042 on display 0
D/CustomFrequencyManagerService(  988): acquireDVFSLockLocked : type : DVFS_MIN_LIMIT  frequency : 1190400  uid : 1000  pid : 988  pkgName : ACTIVITY_RESUME_BOOSTER@4
W/ActivityManager(  988): mDVFSHelper.acquire()
W/WindowManager(  988): XXYZ isthemechanged for com.example.santana.speechtotext ? false : running for user 0
D/InputDispatcher(  988): Focused application set to: xxxx
D/InputDispatcher(  988): Focus left window: 31615
D/PhoneWindow(  988): *FMB* installDecor mIsFloating : false
D/PhoneWindow(  988): *FMB* installDecor flags : -2122120936
D/DisplayManager(  988): DisplayManager()
D/ActivityManager(  988): retrieveServiceLocked(): component = null; callingUser = 0; userId(target) = 0
D/PhoneWindow(  988): *FMB* isFloatingMenuEnabled mFloatingMenuBtn : null
D/PhoneWindow(  988): *FMB* isFloatingMenuEnabled return false
I/SurfaceFlinger(  252): id=9929 createSurf (1x1),1 flag=404, tpeechtotex
D/ActivityManager(  988): startService callerProcessName:com.google.android.googlequicksearchbox, calleePkgName: com.google.android.googlequicksearchbox
D/ActivityManager(  988): retrieveServiceLocked(): component = com.google.android.googlequicksearchbox/com.google.android.apps.gsa.sidekick.main.inject.ExecutedUserActionWriteService; callingUser = 0; userId(target) = 0
D/ActivityManager(  988): caller:android.app.ApplicationThreadProxy@29bfcb96, r.packageName :com.google.android.googlequicksearchbox
I/StatusBar( 1185): Icon Only
W/SearchService(15512): Abort, client detached.
D/StatusBar( 1185): getNumberOfActiveSim: 1
D/PanelView( 1185): There is/are notification(s) 
E/ActivityManager(  988): checkUser: useridlist=null, currentuser=0
E/ActivityManager(  988): checkUser: useridlist=null, currentuser=0
E/ActivityManager(  988): checkUser: useridlist=null, currentuser=0
E/ActivityManager(  988): checkUser: useridlist=null, currentuser=0
E/Zygote  (18426): v2
I/libpersona(18426): KNOX_SDCARD checking this for 10206
I/libpersona(18426): KNOX_SDCARD not a persona
I/ActivityManager(  988): Start proc 18426:com.example.santana.speechtotext/u0a206 for activity com.example.santana.speechtotext/.VoiceRecognitionActivity
I/SELinux (18426): Function: selinux_compare_spd_ram , priority [2] , priority version is VE=SEPF_SM-J500M_5.1.1_0045
E/SELinux (18426): [DEBUG] get_category: variable seinfo: default sensitivity: NULL, cateogry: NULL
I/art     (18426): Late-enabling -Xcheck:jni
D/ActivityManager(  988): startService callerProcessName:com.google.android.gms, calleePkgName: com.google.android.gms
D/ActivityManager(  988): retrieveServiceLocked(): component = com.google.android.gms/com.google.android.gms.icing.service.LightweightIndexService$LightweightWorkerService; callingUser = 0; userId(target) = 0
D/ActivityManager(  988): caller:android.app.ApplicationThreadProxy@2d5f40ed, r.packageName :com.google.android.gms
D/TimaKeyStoreProvider(18426): in addTimaSignatureService
D/TimaKeyStoreProvider(18426): TimaSignature is unavailable
D/ActivityThread(18426): Added TimaKesytore provider
D/DisplayManager(  988): addAllDisplaysLocked()
D/PowerManagerService(  988): setKeyboardVisibility: false
D/ActivityManager(  988):  Launching com.example.santana.speechtotext, updated priority
D/StatusBarManagerService(  988): manageDisableList userId=0 what=0x0 pkg=Window{204a4035 u0 Starting com.example.santana.speechtotext}
W/ResourcesManager(18426): getTopLevelResources: com.example.santana.speechtotext for user  0
I/InjectionManagerService -AppFeature(  988): getCoreFeaturePkgList :[]
D/ActivityManager(  988): startService callerProcessName:com.google.android.gms, calleePkgName: com.google.android.gms
D/ActivityManager(  988): retrieveServiceLocked(): component = com.google.android.gms/com.google.android.gms.icing.service.LightweightIndexService$LightweightWorkerService; callingUser = 0; userId(target) = 0
I/InjectionManager(18426): Inside getClassLibPath + mLibMap{0=, 1=}
D/ActivityManager(  988): caller:android.app.ApplicationThreadProxy@33a77e9c, r.packageName :com.google.android.gms
I/InjectionManager(18426): Inside getClassLibPath caller 
W/ActivityManager(  988): getRunningAppProcesses: caller 10206 does not hold REAL_GET_TASKS; limiting output
D/InjectionManager(18426): InjectionManager
D/InjectionManager(18426): fillFeatureStoreMap com.example.santana.speechtotext
I/InjectionManager(18426): Constructor com.example.santana.speechtotext, Feature store :{}
I/InjectionManager(18426): featureStore :{}
W/ResourcesManager(18426): getTopLevelResources: com.example.santana.speechtotext for user  0
W/ResourcesManager(18426): getTopLevelResources: com.example.santana.speechtotext for user  0
D/DisplayManager(18426): DisplayManager()
D/PhoneWindow(18426): *FMB* installDecor mIsFloating : false
D/PhoneWindow(18426): *FMB* installDecor flags : -2139029248
E/audio_hw_primary(  275): can not make /data/snd/hal_input.pcm 
E/audio_hw_primary(  275): can not make /data/snd/hal_input_before_ns.pcm 
E/audio_hw_primary(  275): can not make /data/snd/hal_input_after_ns.pcm 
I/AudioFlinger(  275): AudioFlinger's thread 0xb7fe3410 ready to run
D/Activity(18426): performCreate Call Injection manager
I/InjectionManager(18426): dispatchOnViewCreated > Target : com.example.santana.speechtotext.MainActivity isFragment :false
I/AudioPolicyManager(  275): startInput() input 30617
I/AudioPolicyManager(  275): ### Device reset for Normal
I/samsungRecord(  275): [samsungrecord] MicCalonoff 1
D/OpenGLRenderer(18426): Use EGL_SWAP_BEHAVIOR_PRESERVED: true
D/audio_hw_primary(  275): start_input_stream: enter: stream(0xb7bedb80)usecase(7: audio-record)
D/PreProcess(  275): new SamsungRecord
D/PreProcess(  275): new NS
I/samsungRecord(  275): [samsungrecord] SamsungRecInit 
D/ActivityManager(  988): post active user change for 0 fullscreen true
D/KnoxTimeoutHandler(  988): postActiveUserChange for user 0
I/KnoxTimeoutHandler(  988): postActiveUserChange, showWhenLocked: false
I/samsungRecord(  275): [samsungrecordMIC]Use HardCoding Values
E/samsungRecord(  275): miccalib file can't created. (/data/snd/miccalib.txt)
D/KnoxTimeoutHandler(  988): handleActiveUserChange for user 0
D/PersonaManagerService(  988): getPersonasForUser(): returning null!
I/samsungRecord(  275): 1
D/SamsungRecord_NS(  275): [SamsungRecord_NS] Init SR 44100
D/SamsungRecord_NS(  275): [SamsungRecord_NS] getLevel inputsource 1, ret_level 3
D/audio_hw_primary(  275): select_devices: out_snd_device(0: dummy)
D/audio_hw_primary(  275): select_devices: in_snd_device(108: rec-main-mic)
D/hardware_info(  275): hw_info_append_hw_type : device_name = rec-main-mic
D/ACDB-LOADER(  275): ACDB -> send_audio_cal, acdb_id = 4, path =  1
D/ACDB-LOADER(  275): ACDB -> send_asm_topology
D/ACDB-LOADER(  275): ACDB -> ACDB_CMD_GET_AUDPROC_STREAM_TOPOLOGY_ID
D/ACDB-LOADER(  275): ACDB -> send_adm_topology
D/ACDB-LOADER(  275): ACDB -> ACDB_CMD_GET_AUDPROC_COMMON_TOPOLOGY_ID
D/ACDB-LOADER(  275): ACDB -> send_audtable
D/ACDB-LOADER(  275): ACDB -> ACDB_CMD_GET_AUDPROC_COMMON_TABLE
D/ACDB-LOADER(  275): ACDB -> AUDIO_SET_AUDPROC_CAL
D/ACDB-LOADER(  275): ACDB -> send_audvoltable
D/ACDB-LOADER(  275): ACDB -> ACDB_CMD_GET_AUDPROC_GAIN_DEP_STEP_TABLE
D/        (  275): Failed to fetch the lookup information of the device 00000004 
E/ACDB-LOADER(  275): Error: ACDB AudProc vol returned = -19
D/ACDB-LOADER(  275): ACDB -> AUDIO_SET_AUDPROC_VOL_CAL
D/ACDB-LOADER(  275): ACDB -> send_afe_cal
D/ACDB-LOADER(  275): ACDB -> ACDB_CMD_GET_AFE_COMMON_TABLE
D/        (  275): Failed to fetch the lookup information of the device 00000004 
E/ACDB-LOADER(  275): Error: ACDB AFE returned = -19
D/ACDB-LOADER(  275): ACDB -> AUDIO_SET_AFE_CAL
D/ACDB-LOADER(  275): ACDB -> send_hw_delay : acdb_id = 4 path = 1
D/ACDB-LOADER(  275): ACDB -> ACDB_AVSYNC_INFO: ACDB_CMD_GET_DEVICE_PROPERTY
D/audio_route(  275): ++++ audio_route_update_path ==============
D/audio_route(  275): Setting mixer control: DEC1 MUX, value: 1
D/audio_route(  275): Setting mixer control: DEC1 Volume, value: 95
D/audio_route(  275): Setting mixer control: ADC1 Volume, value: 2
D/audio_route(  275): ---- audio_route_update_path ==============
D/audio_route(  275): ++++ audio_route_update_mixer ==============
D/audio_route(  275): ------ audio_route_update_mixer ==============
D/audio_route(  275): ++++ audio_route_update_mixer ==============
D/audio_route(  275): Setting mixer control: MultiMedia1 Mixer TERT_MI2S_TX, value: 1
D/audio_route(  275): ------ audio_route_update_mixer ==============
D/PhoneWindow(18426): *FMB* isFloatingMenuEnabled mFloatingMenuBtn : null
D/PhoneWindow(18426): *FMB* isFloatingMenuEnabled return false
I/SurfaceFlinger(  252): id=9930 createSurf (720x1280),1 flag=404, WoiceRecogn
D/InputDispatcher(  988): Focus entered window: 18426
I/Adreno-EGL(18426): <qeglDrvAPI_eglInitialize:379>: EGL 1.4 QUALCOMM build: AU_LINUX_ANDROID_LA.BR.1.1.3_RB1.05.01.00.032.018_msm8916_32_refs/tags/AU_LINUX_ANDROID_LA.BR.1.1.3_RB1.05.01.00.032.018__release_AU (I856e09677e)
I/Adreno-EGL(18426): OpenGL ES Shader Compiler Version: E031.25.03.04
I/Adreno-EGL(18426): Build Date: 05/03/15 Sun
I/Adreno-EGL(18426): Local Branch: 
I/Adreno-EGL(18426): Remote Branch: refs/tags/AU_LINUX_ANDROID_LA.BR.1.1.3_RB1.05.01.00.032.018
I/Adreno-EGL(18426): Local Patches: NONE
I/Adreno-EGL(18426): Reconstruct Branch: NOTHING
I/OpenGLRenderer(18426): Initialized EGL, version 1.4
D/OpenGLRenderer(18426): Enabling debug mode 0
D/InputMethodManagerService(  988): windowGainedFocus mCurrentFocusedUserId - 0 and mSecureKeypadEnabled-false
I/StatusBar( 1185): Icon Only
D/StatusBar( 1185): getNumberOfActiveSim: 1
D/PanelView( 1185): There is/are notification(s) 
I/Timeline(18426): Timeline: Activity_idle id: android.os.BinderProxy@c956ea0 time:186801657
I/ActivityManager(  988): Displayed com.example.santana.speechtotext/.VoiceRecognitionActivity: +335ms
D/mSamplesRead(18426): 2688
D/mSamplesRead(18426): 2688
D/mSamplesRead(18426): 2688
D/mSamplesRead(18426): 2688
D/CustomFrequencyManagerService(  988): releaseDVFSLockLocked : Getting Lock type frm List : DVFS_MIN_LIMIT  frequency : 1190400  uid : 1000  pid : 988  tag : ACTIVITY_RESUME_BOOSTER@4
W/ActivityManager(  988): mDVFSHelper.release()
I/ActivityManager(  988): Killing 15512:com.google.android.googlequicksearchbox:search/u0a42 (adj 2): remove task
I/Timeline(  988): Timeline: Activity_windows_visible id: ActivityRecord{24208cd4 u0 com.example.santana.speechtotext/.VoiceRecognitionActivity t1209} time:186801860
I/SurfaceFlinger(  252): id=9929 Removed tpeechtotex (7/9)
I/SurfaceFlinger(  252): id=9929 Removed tpeechtotex (-2/9)
I/SurfaceFlinger(  252): id=9928 Removed HEL (2/8)
D/CustomFrequencyManagerService(  988): acquireDVFSLockLocked : type : DVFS_MIN_LIMIT  frequency : 1190400  uid : 1000  pid : 988  pkgName : ACTIVITY_RESUME_BOOSTER@10
I/SurfaceFlinger(  252): id=9928 Removed HEL (-2/8)
D/mSamplesRead(18426): 2688
W/ActivityManager(  988): Scheduling restart of crashed service com.google.android.googlequicksearchbox/com.google.android.apps.gsa.search.core.service.SearchService in 1000ms
W/ActivityManager(  988): Scheduling restart of crashed service com.google.android.googlequicksearchbox/com.google.android.apps.gsa.search.core.icingsync.UpdateIcingCorporaService in 42486528ms
W/SearchServiceClient(31615): detachClient failed
W/SearchServiceClient(31615): android.os.DeadObjectException
W/SearchServiceClient(31615): 	at android.os.BinderProxy.transactNative(Native Method)
W/SearchServiceClient(31615): 	at android.os.BinderProxy.transact(Binder.java:496)
W/SearchServiceClient(31615): 	at com.google.android.apps.gsa.search.shared.service.k.O(ISearchServiceBinder.java:228)
W/SearchServiceClient(31615): 	at com.google.android.apps.gsa.search.shared.service.q.disconnect(SearchServiceClient.java:291)
W/SearchServiceClient(31615): 	at com.google.android.apps.gsa.search.shared.overlay.n.abh(SearchOverlayImpl.java:600)
W/SearchServiceClient(31615): 	at com.google.android.apps.gsa.search.shared.overlay.n.hL(SearchOverlayImpl.java:765)
W/SearchServiceClient(31615): 	at com.google.android.apps.gsa.search.shared.overlay.n.di(SearchOverlayImpl.java:1586)
W/SearchServiceClient(31615): 	at com.google.android.launcher.a.onStop(GEL.java:442)
W/SearchServiceClient(31615): 	at com.android.launcher3.Launcher.onStop(Launcher.java:944)
W/SearchServiceClient(31615): 	at android.app.Instrumentation.callActivityOnStop(Instrumentation.java:1289)
W/SearchServiceClient(31615): 	at android.app.Activity.performStop(Activity.java:6384)
W/SearchServiceClient(31615): 	at android.app.ActivityThread.performStopActivityInner(ActivityThread.java:3821)
W/SearchServiceClient(31615): 	at android.app.ActivityThread.handleStopActivity(ActivityThread.java:3870)
W/SearchServiceClient(31615): 	at android.app.ActivityThread.access$1200(ActivityThread.java:177)
W/SearchServiceClient(31615): 	at android.app.ActivityThread$H.handleMessage(ActivityThread.java:1463)
W/SearchServiceClient(31615): 	at android.os.Handler.dispatchMessage(Handler.java:102)
W/SearchServiceClient(31615): 	at android.os.Looper.loop(Looper.java:135)
W/SearchServiceClient(31615): 	at android.app.ActivityThread.main(ActivityThread.java:5930)
W/SearchServiceClient(31615): 	at java.lang.reflect.Method.invoke(Native Method)
W/SearchServiceClient(31615): 	at java.lang.reflect.Method.invoke(Method.java:372)
W/SearchServiceClient(31615): 	at com.android.internal.os.ZygoteInit$MethodAndArgsCaller.run(ZygoteInit.java:1405)
W/SearchServiceClient(31615): 	at com.android.internal.os.ZygoteInit.main(ZygoteInit.java:1200)
D/mSamplesRead(18426): 2688
D/mSamplesRead(18426): 2688
D/mSamplesRead(18426): 2688
D/mSamplesRead(18426): 2688
D/mSamplesRead(18426): 2688
D/mSamplesRead(18426): 2688
D/mSamplesRead(18426): 2688
D/mSamplesRead(18426): 2688
D/mSamplesRead(18426): 2688
D/CustomFrequencyManagerService(  988): releaseDVFSLockLocked : Getting Lock type frm List : DVFS_MIN_LIMIT  frequency : 1190400  uid : 1000  pid : 988  tag : ACTIVITY_RESUME_BOOSTER@10
D/CustomFrequencyManagerService(  988): FrequencyrequestList.getNextCStateDisableRequest, index: 0
D/mSamplesRead(18426): 2688
D/mSamplesRead(18426): 2688
D/mSamplesRead(18426): 2688
D/mSamplesRead(18426): 2688
D/mSamplesRead(18426): 2688
D/mSamplesRead(18426): 2688
D/mSamplesRead(18426): 2688
D/mSamplesRead(18426): 2688
D/mSamplesRead(18426): 2688
D/mSamplesRead(18426): 2688
D/mSamplesRead(18426): 2688
D/mSamplesRead(18426): 2688
D/mSamplesRead(18426): 2688
D/mSamplesRead(18426): 2688
D/mSamplesRead(18426): 2688
D/mSamplesRead(18426): 2688
D/mSamplesRead(18426): 2688
D/mSamplesRead(18426): 2688
D/mSamplesRead(18426): 2688
D/MDF     (18426): Frame: 0
D/MDF     (18426): 0 0
D/MDF     (18426): 1 0
D/MDF     (18426): 2 0
D/MDF     (18426): 3 0
D/MDF     (18426): 4 0
D/MDF     (18426): 5 0
D/MDF     (18426): 6 0
D/MDF     (18426): 7 0
D/MDF     (18426): 8 0
D/MDF     (18426): 9 0
D/MDF     (18426): 10 0
D/MDF     (18426): 11 0
D/MDF     (18426): 12 0
D/MDF     (18426): 13 0
D/MDF     (18426): 14 0
D/MDF     (18426): 15 0
D/MDF     (18426): 16 0
D/MDF     (18426): 17 0
D/MDF     (18426): 18 0
D/MDF     (18426): 19 0
D/MDF     (18426): 20 0
D/MDF     (18426): 21 0
D/MDF     (18426): 22 0
D/MDF     (18426): 23 0
D/MDF     (18426): 24 0
D/MDF     (18426): 25 0
D/MDF     (18426): 26 0
D/MDF     (18426): 27 0
D/MDF     (18426): 28 0
D/MDF     (18426): 29 0
D/MDF     (18426): 30 0
D/MDF     (18426): 31 0
D/MDF     (18426): 32 0
D/MDF     (18426): 33 0
D/MDF     (18426): 34 0
D/MDF     (18426): 35 0
D/MDF     (18426): 36 0
D/MDF     (18426): 37 0
D/MDF     (18426): 38 0
D/MDF     (18426): 39 0
D/MDF     (18426): 40 0
D/MDF     (18426): 41 0
D/MDF     (18426): 42 0
D/MDF     (18426): 43 0
D/MDF     (18426): 44 0
D/MDF     (18426): 45 0
D/MDF     (18426): 46 0
D/MDF     (18426): 47 0
D/MDF     (18426): 48 0
D/MDF     (18426): 49 0
D/MDF     (18426): 50 0
D/MDF     (18426): 51 0
D/MDF     (18426): 52 0
D/MDF     (18426): 53 0
D/MDF     (18426): 54 0
D/MDF     (18426): 55 0
D/MDF     (18426): 56 0
D/MDF     (18426): 57 0
D/MDF     (18426): 58 0
D/MDF     (18426): 59 0
D/MDF     (18426): 60 0
D/MDF     (18426): 61 0
D/MDF     (18426): 62 0
D/MDF     (18426): 63 0
D/MDF     (18426): 64 0
D/MDF     (18426): 65 0
D/MDF     (18426): 66 0
D/MDF     (18426): 67 0
D/MDF     (18426): 68 0
D/MDF     (18426): 69 0
D/MDF     (18426): 70 0
D/MDF     (18426): 71 0
D/MDF     (18426): 72 0
D/MDF     (18426): 73 0
D/MDF     (18426): 74 0
D/MDF     (18426): 75 0
D/MDF     (18426): 76 0
D/MDF     (18426): 77 0
D/MDF     (18426): 78 0
D/MDF     (18426): 79 0
D/MDF     (18426): 80 0
D/MDF     (18426): 81 0
D/MDF     (18426): 82 0
D/MDF     (18426): 83 0
D/MDF     (18426): 84 0
D/MDF     (18426): 85 0
D/MDF     (18426): 86 0
D/MDF     (18426): 87 0
D/MDF     (18426): 88 0
D/MDF     (18426): 89 0
D/MDF     (18426): 90 0
D/MDF     (18426): 91 0
D/MDF     (18426): 92 0
D/MDF     (18426): 93 0
D/MDF     (18426): 94 0
D/MDF     (18426): 95 0
D/MDF     (18426): 96 0
D/MDF     (18426): 97 0
D/MDF     (18426): 98 0
D/MDF     (18426): 99 0
D/MDF     (18426): 100 0
D/MDF     (18426): 101 0
D/MDF     (18426): 102 0
D/MDF     (18426): 103 0
D/MDF     (18426): 104 0
D/MDF     (18426): 105 0
D/MDF     (18426): 106 0
D/MDF     (18426): 107 0
D/MDF     (18426): 108 0
D/MDF     (18426): 109 0
D/MDF     (18426): 110 0
D/MDF     (18426): 111 0
D/MDF     (18426): 112 0
D/MDF     (18426): 113 0
D/MDF     (18426): 114 0
D/MDF     (18426): 115 0
D/MDF     (18426): 116 0
D/MDF     (18426): 117 0
D/MDF     (18426): 118 0
D/MDF     (18426): 119 0
D/MDF     (18426): 120 0
D/MDF     (18426): 121 0
D/MDF     (18426): 122 0
D/MDF     (18426): 123 0
D/MDF     (18426): 124 0
D/MDF     (18426): 125 0
D/MDF     (18426): 126 0
D/MDF     (18426): 127 0
D/Waveform(18426): Frame: 1
D/Waveform(18426): 0 0
D/Waveform(18426): 1 0
D/Waveform(18426): 2 0
D/Waveform(18426): 3 0
D/Waveform(18426): 4 0
D/Waveform(18426): 5 0
D/Waveform(18426): 6 0
D/Waveform(18426): 7 0
D/Waveform(18426): 8 0
D/Waveform(18426): 9 0
D/Waveform(18426): 10 0
D/Waveform(18426): 11 0
D/Waveform(18426): 12 0
D/Waveform(18426): 13 0
D/Waveform(18426): 14 0
D/Waveform(18426): 15 0
D/Waveform(18426): 16 0
D/Waveform(18426): 17 0
D/Waveform(18426): 18 0
D/Waveform(18426): 19 0
D/Waveform(18426): 20 0
D/Waveform(18426): 21 0
D/Waveform(18426): 22 0
D/Waveform(18426): 23 0
D/Waveform(18426): 24 0
D/Waveform(18426): 25 0
D/Waveform(18426): 26 0
D/Waveform(18426): 27 0
D/Waveform(18426): 28 0
D/Waveform(18426): 29 0
D/Waveform(18426): 30 0
D/Waveform(18426): 31 0
D/Waveform(18426): 32 0
D/Waveform(18426): 33 0
D/Waveform(18426): 34 0
D/Waveform(18426): 35 0
D/Waveform(18426): 36 0
D/Waveform(18426): 37 0
D/Waveform(18426): 38 0
D/Waveform(18426): 39 0
D/Waveform(18426): 40 0
D/Waveform(18426): 41 0
D/Waveform(18426): 42 0
D/Waveform(18426): 43 0
D/Waveform(18426): 44 0
D/Waveform(18426): 45 0
D/Waveform(18426): 46 0
D/Waveform(18426): 47 0
D/Waveform(18426): 48 0
D/Waveform(18426): 49 0
D/Waveform(18426): 50 0
D/Waveform(18426): 51 0
D/Waveform(18426): 52 0
D/Waveform(18426): 53 0
D/Waveform(18426): 54 0
D/Waveform(18426): 55 0
D/Waveform(18426): 56 0
D/Waveform(18426): 57 0
D/Waveform(18426): 58 0
D/Waveform(18426): 59 0
D/Waveform(18426): 60 0
D/Waveform(18426): 61 0
D/Waveform(18426): 62 0
D/Waveform(18426): 63 0
D/Waveform(18426): 64 0
D/Waveform(18426): 65 0
D/Waveform(18426): 66 0
D/Waveform(18426): 67 0
D/Waveform(18426): 68 0
D/Waveform(18426): 69 0
D/Waveform(18426): 70 0
D/Waveform(18426): 71 0
D/Waveform(18426): 72 0
D/Waveform(18426): 73 0
D/Waveform(18426): 74 0
D/Waveform(18426): 75 0
D/Waveform(18426): 76 0
D/Waveform(18426): 77 0
D/Waveform(18426): 78 0
D/Waveform(18426): 79 0
D/Waveform(18426): 80 0
D/Waveform(18426): 81 0
D/Waveform(18426): 82 0
D/Waveform(18426): 83 0
D/Waveform(18426): 84 0
D/Waveform(18426): 85 0
D/Waveform(18426): 86 0
D/Waveform(18426): 87 0
D/Waveform(18426): 88 0
D/Waveform(18426): 89 0
D/Waveform(18426): 90 0
D/Waveform(18426): 91 0
D/Waveform(18426): 92 0
D/Waveform(18426): 93 0
D/Waveform(18426): 94 0
D/Waveform(18426): 95 0
D/Waveform(18426): 96 0
D/Waveform(18426): 97 0
D/Waveform(18426): 98 0
D/Waveform(18426): 99 0
D/Waveform(18426): 100 0
D/Waveform(18426): 101 0
D/Waveform(18426): 102 0
D/Waveform(18426): 103 0
D/Waveform(18426): 104 0
D/Waveform(18426): 105 0
D/Waveform(18426): 106 0
D/Waveform(18426): 107 0
D/Waveform(18426): 108 0
D/Waveform(18426): 109 0
D/Waveform(18426): 110 0
D/Waveform(18426): 111 0
D/Waveform(18426): 112 0
D/Waveform(18426): 113 0
D/Waveform(18426): 114 0
D/Waveform(18426): 115 0
D/Waveform(18426): 116 0
D/Waveform(18426): 117 0
D/Waveform(18426): 118 0
D/Waveform(18426): 119 0
D/Waveform(18426): 120 0
D/Waveform(18426): 121 0
D/Waveform(18426): 122 0
D/Waveform(18426): 123 0
D/Waveform(18426): 124 0
D/Waveform(18426): 125 0
D/Waveform(18426): 126 0
D/Waveform(18426): 127 0
D/Waveform(18426): 128 0
D/Waveform(18426): 129 0
D/Waveform(18426): 130 0
D/Waveform(18426): 131 0
D/Waveform(18426): 132 0
D/Waveform(18426): 133 0
D/Waveform(18426): 134 0
D/Waveform(18426): 135 0
D/Waveform(18426): 136 0
D/Waveform(18426): 137 0
D/Waveform(18426): 138 0
D/Waveform(18426): 139 0
D/Waveform(18426): 140 0
D/Waveform(18426): 141 0
D/Waveform(18426): 142 0
D/Waveform(18426): 143 0
D/Waveform(18426): 144 0
D/Waveform(18426): 145 0
D/Waveform(18426): 146 0
D/Waveform(18426): 147 0
D/Waveform(18426): 148 0
D/Waveform(18426): 149 0
D/Waveform(18426): 150 0
D/Waveform(18426): 151 0
D/Waveform(18426): 152 0
D/Waveform(18426): 153 0
D/Waveform(18426): 154 0
D/Waveform(18426): 155 0
D/Waveform(18426): 156 0
D/Waveform(18426): 157 0
D/Waveform(18426): 158 0
D/Waveform(18426): 159 0
D/Waveform(18426): 160 0
D/Waveform(18426): 161 0
D/Waveform(18426): 162 0
D/Waveform(18426): 163 0
D/Waveform(18426): 164 0
D/Waveform(18426): 165 0
D/Waveform(18426): 166 0
D/Waveform(18426): 167 0
D/Waveform(18426): 168 0
D/Waveform(18426): 169 0
D/Waveform(18426): 170 0
D/Waveform(18426): 171 0
D/Waveform(18426): 172 0
D/Waveform(18426): 173 0
D/Waveform(18426): 174 0
D/Waveform(18426): 175 0
D/Waveform(18426): 176 0
D/Waveform(18426): 177 0
D/Waveform(18426): 178 0
D/Waveform(18426): 179 0
D/Waveform(18426): 180 0
D/Waveform(18426): 181 0
D/Waveform(18426): 182 0
D/Waveform(18426): 183 0
D/Waveform(18426): 184 0
D/Waveform(18426): 185 0
D/Waveform(18426): 186 0
D/Waveform(18426): 187 0
D/Waveform(18426): 188 0
D/Waveform(18426): 189 0
D/Waveform(18426): 190 0
D/Waveform(18426): 191 0
D/Waveform(18426): 192 0
D/Waveform(18426): 193 0
D/Waveform(18426): 194 0
D/Waveform(18426): 195 0
D/Waveform(18426): 196 0
D/Waveform(18426): 197 0
D/Waveform(18426): 198 0
D/Waveform(18426): 199 0
D/Waveform(18426): 200 0
D/Waveform(18426): 201 0
D/Waveform(18426): 202 0
D/Waveform(18426): 203 0
D/Waveform(18426): 204 0
D/Waveform(18426): 205 0
D/Waveform(18426): 206 0
D/Waveform(18426): 207 0
D/Waveform(18426): 208 0
D/Waveform(18426): 209 0
D/Waveform(18426): 210 0
D/Waveform(18426): 211 0
D/Waveform(18426): 212 0
D/Waveform(18426): 213 0
D/Waveform(18426): 214 0
D/Waveform(18426): 215 0
D/Waveform(18426): 216 0
D/Waveform(18426): 217 0
D/Waveform(18426): 218 0
D/Waveform(18426): 219 0
D/Waveform(18426): 220 0
D/Waveform(18426): 221 0
D/Waveform(18426): 222 0
D/Waveform(18426): 223 0
D/Waveform(18426): 224 0
D/Waveform(18426): 225 0
D/Waveform(18426): 226 0
D/Waveform(18426): 227 0
D/Waveform(18426): 228 0
D/Waveform(18426): 229 0
D/Waveform(18426): 230 0
D/Waveform(18426): 231 0
D/Waveform(18426): 232 0
D/Waveform(18426): 233 0
D/Waveform(18426): 234 0
D/Waveform(18426): 235 0
D/Waveform(18426): 236 0
D/Waveform(18426): 237 0
D/Waveform(18426): 238 0
D/Waveform(18426): 239 0
D/Waveform(18426): 240 0
D/Waveform(18426): 241 0
D/Waveform(18426): 242 0
D/Waveform(18426): 243 0
D/Waveform(18426): 244 0
D/Waveform(18426): 245 0
D/Waveform(18426): 246 0
D/Waveform(18426): 247 0
D/Waveform(18426): 248 0
D/Waveform(18426): 249 0
D/Waveform(18426): 250 0
D/Waveform(18426): 251 0
D/Waveform(18426): 252 0
D/Waveform(18426): 253 0
D/Waveform(18426): 254 0
D/Waveform(18426): 255 0
D/Waveform(18426): 256 0
D/Waveform(18426): 257 0
D/Waveform(18426): 258 0
D/Waveform(18426): 259 0
D/Waveform(18426): 260 0
D/Waveform(18426): 261 0
D/Waveform(18426): 262 0
D/Waveform(18426): 263 0
D/Waveform(18426): 264 0
D/Waveform(18426): 265 0
D/Waveform(18426): 266 0
D/Waveform(18426): 267 0
D/Waveform(18426): 268 0
D/Waveform(18426): 269 0
D/Waveform(18426): 270 0
D/Waveform(18426): 271 0
D/Waveform(18426): 272 0
D/Waveform(18426): 273 0
D/Waveform(18426): 274 0
D/Waveform(18426): 275 0
D/Waveform(18426): 276 0
D/Waveform(18426): 277 0
D/Waveform(18426): 278 0
D/Waveform(18426): 279 0
D/Waveform(18426): 280 0
D/Waveform(18426): 281 0
D/Waveform(18426): 282 0
D/Waveform(18426): 283 0
D/Waveform(18426): 284 0
D/Waveform(18426): 285 0
D/Waveform(18426): 286 0
D/Waveform(18426): 287 0
D/Waveform(18426): 288 0
D/Waveform(18426): 289 0
D/Waveform(18426): 290 0
D/Waveform(18426): 291 0
D/Waveform(18426): 292 0
D/Waveform(18426): 293 0
D/Waveform(18426): 294 0
D/Waveform(18426): 295 0
D/Waveform(18426): 296 0
D/Waveform(18426): 297 0
D/Waveform(18426): 298 0
D/Waveform(18426): 299 0
D/Waveform(18426): 300 0
D/Waveform(18426): 301 0
D/Waveform(18426): 302 0
D/Waveform(18426): 303 0
D/Waveform(18426): 304 0
D/Waveform(18426): 305 0
D/Waveform(18426): 306 0
D/Waveform(18426): 307 0
D/Waveform(18426): 308 0
D/Waveform(18426): 309 0
D/Waveform(18426): 310 0
D/Waveform(18426): 311 0
D/Waveform(18426): 312 0
D/Waveform(18426): 313 0
D/Waveform(18426): 314 0
D/Waveform(18426): 315 0
D/Waveform(18426): 316 0
D/Waveform(18426): 317 0
D/Waveform(18426): 318 0
D/Waveform(18426): 319 0
D/Waveform(18426): 320 0
D/Waveform(18426): 321 0
D/Waveform(18426): 322 0
D/Waveform(18426): 323 0
D/Waveform(18426): 324 0
D/Waveform(18426): 325 0
D/Waveform(18426): 326 0
D/Waveform(18426): 327 0
D/Waveform(18426): 328 0
D/Waveform(18426): 329 0
D/Waveform(18426): 330 0
D/Waveform(18426): 331 0
D/Waveform(18426): 332 0
D/Waveform(18426): 333 0
D/Waveform(18426): 334 0
D/Waveform(18426): 335 0
D/Waveform(18426): 336 0
D/Waveform(18426): 337 0
D/Waveform(18426): 338 0
D/Waveform(18426): 339 0
D/Waveform(18426): 340 0
D/Waveform(18426): 341 0
D/Waveform(18426): 342 0
D/Waveform(18426): 343 0
D/Waveform(18426): 344 0
D/Waveform(18426): 345 0
D/Waveform(18426): 346 0
D/Waveform(18426): 347 0
D/Waveform(18426): 348 0
D/Waveform(18426): 349 0
D/Waveform(18426): 350 0
D/Waveform(18426): 351 0
D/Waveform(18426): 352 0
D/Waveform(18426): 353 0
D/Waveform(18426): 354 0
D/Waveform(18426): 355 0
D/Waveform(18426): 356 0
D/Waveform(18426): 357 0
D/Waveform(18426): 358 0
D/Waveform(18426): 359 0
D/Waveform(18426): 360 0
D/Waveform(18426): 361 0
D/Waveform(18426): 362 0
D/Waveform(18426): 363 0
D/Waveform(18426): 364 0
D/Waveform(18426): 365 0
D/Waveform(18426): 366 0
D/Waveform(18426): 367 0
D/Waveform(18426): 368 0
D/Waveform(18426): 369 0
D/Waveform(18426): 370 0
D/Waveform(18426): 371 0
D/Waveform(18426): 372 0
D/Waveform(18426): 373 0
D/Waveform(18426): 374 0
D/Waveform(18426): 375 0
D/Waveform(18426): 376 0
D/Waveform(18426): 377 0
D/Waveform(18426): 378 0
D/Waveform(18426): 379 0
D/Waveform(18426): 380 0
D/Waveform(18426): 381 0
D/Waveform(18426): 382 0
D/Waveform(18426): 383 0
D/Waveform(18426): 384 0
D/Waveform(18426): 385 0
D/Waveform(18426): 386 0
D/Waveform(18426): 387 0
D/Waveform(18426): 388 0
D/Waveform(18426): 389 0
D/Waveform(18426): 390 0
D/Waveform(18426): 391 0
D/Waveform(18426): 392 0
D/Waveform(18426): 393 0
D/Waveform(18426): 394 0
D/Waveform(18426): 395 0
D/Waveform(18426): 396 0
D/Waveform(18426): 397 0
D/Waveform(18426): 398 0
D/Waveform(18426): 399 0
D/Waveform(18426): 400 0
D/Waveform(18426): 401 0
D/Waveform(18426): 402 0
D/Waveform(18426): 403 0
D/Waveform(18426): 404 0
D/Waveform(18426): 405 0
D/Waveform(18426): 406 0
D/Waveform(18426): 407 0
D/Waveform(18426): 408 0
D/Waveform(18426): 409 0
D/Waveform(18426): 410 0
D/Waveform(18426): 411 0
D/Waveform(18426): 412 0
D/Waveform(18426): 413 0
D/Waveform(18426): 414 0
D/Waveform(18426): 415 0
D/Waveform(18426): 416 0
D/Waveform(18426): 417 0
D/Waveform(18426): 418 0
D/Waveform(18426): 419 0
D/Waveform(18426): 420 0
D/Waveform(18426): 421 0
D/Waveform(18426): 422 0
D/Waveform(18426): 423 0
D/Waveform(18426): 424 0
D/Waveform(18426): 425 0
D/Waveform(18426): 426 0
D/Waveform(18426): 427 0
D/Waveform(18426): 428 0
D/Waveform(18426): 429 0
D/Waveform(18426): 430 0
D/Waveform(18426): 431 0
D/Waveform(18426): 432 0
D/Waveform(18426): 433 0
D/Waveform(18426): 434 0
D/Waveform(18426): 435 0
D/Waveform(18426): 436 0
D/Waveform(18426): 437 0
D/Waveform(18426): 438 0
D/Waveform(18426): 439 0
D/Waveform(18426): 440 0
D/Waveform(18426): 441 0
D/Waveform(18426): 442 0
D/Waveform(18426): 443 0
D/Waveform(18426): 444 0
D/Waveform(18426): 445 0
D/Waveform(18426): 446 0
D/Waveform(18426): 447 0
D/Waveform(18426): 448 0
D/Waveform(18426): 449 0
D/Waveform(18426): 450 0
D/Waveform(18426): 451 0
D/Waveform(18426): 452 0
D/Waveform(18426): 453 0
D/Waveform(18426): 454 0
D/Waveform(18426): 455 0
D/Waveform(18426): 456 0
D/Waveform(18426): 457 0
D/Waveform(18426): 458 0
D/Waveform(18426): 459 0
D/Waveform(18426): 460 0
D/Waveform(18426): 461 0
D/Waveform(18426): 462 0
D/Waveform(18426): 463 0
D/Waveform(18426): 464 0
D/Waveform(18426): 465 0
D/Waveform(18426): 466 0
D/Waveform(18426): 467 0
D/Waveform(18426): 468 0
D/Waveform(18426): 469 0
D/Waveform(18426): 470 0
D/Waveform(18426): 471 0
D/Waveform(18426): 472 0
D/Waveform(18426): 473 0
D/Waveform(18426): 474 0
D/Waveform(18426): 475 0
D/Waveform(18426): 476 0
D/Waveform(18426): 477 0
D/Waveform(18426): 478 0
D/Waveform(18426): 479 0
D/Waveform(18426): 480 0
D/Waveform(18426): 481 0
D/Waveform(18426): 482 0
D/Waveform(18426): 483 0
D/Waveform(18426): 484 0
D/Waveform(18426): 485 0
D/Waveform(18426): 486 0
D/Waveform(18426): 487 0
D/Waveform(18426): 488 0
D/Waveform(18426): 489 0
D/Waveform(18426): 490 0
D/Waveform(18426): 491 0
D/Waveform(18426): 492 0
D/Waveform(18426): 493 0
D/Waveform(18426): 494 0
D/Waveform(18426): 495 0
D/Waveform(18426): 496 0
D/Waveform(18426): 497 0
D/Waveform(18426): 498 0
D/Waveform(18426): 499 0
D/Waveform(18426): 500 0
D/Waveform(18426): 501 0
D/Waveform(18426): 502 0
D/Waveform(18426): 503 0
D/Waveform(18426): 504 0
D/Waveform(18426): 505 0
D/Waveform(18426): 506 0
D/Waveform(18426): 507 0
D/Waveform(18426): 508 0
D/Waveform(18426): 509 0
D/Waveform(18426): 510 0
D/Waveform(18426): 511 0
D/Waveform(18426): 512 0
D/Waveform(18426): 513 0
D/Waveform(18426): 514 0
D/Waveform(18426): 515 0
D/Waveform(18426): 516 0
D/Waveform(18426): 517 0
D/Waveform(18426): 518 0
D/Waveform(18426): 519 0
D/Waveform(18426): 520 0
D/Waveform(18426): 521 0
D/Waveform(18426): 522 0
D/Waveform(18426): 523 0
D/Waveform(18426): 524 0
D/Waveform(18426): 525 0
D/Waveform(18426): 526 0
D/Waveform(18426): 527 0
D/Waveform(18426): 528 0
D/Waveform(18426): 529 0
D/Waveform(18426): 530 0
D/Waveform(18426): 531 0
D/Waveform(18426): 532 0
D/Waveform(18426): 533 0
D/Waveform(18426): 534 0
D/Waveform(18426): 535 0
D/Waveform(18426): 536 0
D/Waveform(18426): 537 0
D/Waveform(18426): 538 0
D/Waveform(18426): 539 0
D/Waveform(18426): 540 0
D/Waveform(18426): 541 0
D/Waveform(18426): 542 0
D/Waveform(18426): 543 0
D/Waveform(18426): 544 0
